1. To allow nodes totalk to each other, we must create the networkbetween containers.

$ sudo docker network create ETH
-------------------------------------------------------------------------------------------------------------------------------
2. build twocontainers

$ sudo docker build -t node_one
And similarly
$ sudo docker build -t node_two 
--------------------------------------------------------------------------------------------------------------------------------
3. Run
$sudo docker run --rm -it -p 8545:8545 --net=ETH node_one
$ ls -a
And similarly for node_two with ( -p 8546:8546).
docker runcommand line options:
-p 8545:8545in the node_one expose the default RPC port of geth.
-p 8546:8546in the node_two expose port, which will be used later in geth.
    • net=ETHis a custom docker network, to allow containers communicate eachother
--------------------------------------------------------------------------------------------------------------------------------
4. Run the command to get theIpv4
$ sudo docker network inspect ETH
--------------------------------------------------------------------------------------------------------------------------------
 5. Now we have two docker containers connected eachother.Need to generate coinbase account, in order to mine ether we must 
 provide an address toreceive reward for foundblocks.
Run the setup_account from the console of node_one
./eth_common/setup_account
--------------------------------------------------------------------------------------------------------------------------------
Similarly for node_two in a new terminal
6. Timeto start minning. On the console of node_one run thecommand
$ geth --identity="NODE_ONE" --networkid="500" --verbosity=1
--mine --minerthreads=1 --rpc --rpcaddr 0.0.0.0 console

command line options to geth:
— identity must be unique identifier of thenode
    • networkid must be the same on the bothnodes
—verbosity there are many levels 0=silent, 1=error, 2=warn, 3=info, 4=core, 5=debug, 6=detail (default: 3)
    • mine enable minning
    • rpc enable RPC
    • rpcport=8546 change the (default: 8545) RPC port in order to reach container from the hostmachine

Similarly, run the command for node_two in its console.
--------------------------------------------------------------------------------------------------------------------------------
 7. check peers, our nodes must detect eachother.
    Use >admin.peers to get info on peers and >admin.nodeInfo.enode to get 
    enodeaddress-
    
---------------------------------------------------------------------------------------------------------------------------
  8. Peers areempty,in order to add peers we must provide a full enode url tothe
admin.addPeer()method, to get the enode url run command
[::]— means localhost,that’sthe enode url of node_one.
------------------------------------------------------------------------------------------------------------------------------
